// Jest Snapshot v1, https://goo.gl/fbAQLP

exports[`BackButton should m atch the snapshot 1`] = `
<TouchableOpacity
  activeOpacity={0.2}
  style={
    Object {
      "height": 40,
      "left": 10,
      "marginTop": -20,
      "position": "absolute",
      "top": 66.7,
      "width": 40,
      "zIndex": 10,
    }
  }
>
  <Image
    source={1}
    style={
      Object {
        "height": 40,
        "width": 40,
      }
    }
  />
</TouchableOpacity>
`;
